<?xml version="1.0" encoding="utf-8"?><testsuites name="pytest tests"><testsuite name="pytest" errors="0" failures="0" skipped="13" tests="340" time="251.459" timestamp="2025-08-10T17:01:31.572314-06:00" hostname="Alexs-MacBook-Pro.local"><testcase classname="tests.integration.test_pipeline_integration.TestPipelineIntegration" name="test_java_file_parsing" file="tests/integration/test_pipeline_integration.py" line="167" time="0.008" /><testcase classname="tests.integration.test_pipeline_integration.TestPipelineIntegration" name="test_interface_parsing" file="tests/integration/test_pipeline_integration.py" line="189" time="0.007" /><testcase classname="tests.integration.test_pipeline_integration.TestPipelineIntegration" name="test_end_to_end_pipeline" file="tests/integration/test_pipeline_integration.py" line="199" time="0.000"><skipped type="pytest.skip" message="Requires Neo4j connection and full pipeline setup">/Users/alexwoolford/neo4j-code-graph/tests/integration/test_pipeline_integration.py:200: Requires Neo4j connection and full pipeline setup</skipped></testcase><testcase classname="tests.integration.test_pipeline_integration.TestPipelineIntegration" name="test_schema_creation" file="tests/integration/test_pipeline_integration.py" line="206" time="30.008"><skipped type="pytest.skip" message="Neo4j not available: Unable to retrieve routing information">/Users/alexwoolford/neo4j-code-graph/tests/integration/test_pipeline_integration.py:207: Neo4j not available: Unable to retrieve routing information</skipped></testcase><testcase classname="tests.integration.test_pipeline_integration.TestPipelineIntegration" name="test_import_extraction" file="tests/integration/test_pipeline_integration.py" line="217" time="0.018" /><testcase classname="tests.integration.test_pipeline_integration.TestPipelineIntegration" name="test_method_signature_extraction" file="tests/integration/test_pipeline_integration.py" line="231" time="0.013" /><testcase classname="tests.integration.test_pipeline_integration.TestPipelineIntegration" name="test_complexity_metrics" file="tests/integration/test_pipeline_integration.py" line="247" time="0.011" /><testcase classname="tests.integration.test_pipeline_integration.TestRealWorldScenarios" name="test_error_handling_with_malformed_java" file="tests/integration/test_pipeline_integration.py" line="267" time="0.003" /><testcase classname="tests.integration.test_pipeline_integration.TestRealWorldScenarios" name="test_large_file_handling" file="tests/integration/test_pipeline_integration.py" line="281" time="0.070" /><testcase classname="tests.integration.test_pipeline_integration.TestRealWorldScenarios" name="test_nested_package_structure" file="tests/integration/test_pipeline_integration.py" line="310" time="0.006" /><testcase classname="tests.security.test_precise_gav_matching.TestGAVCoordinate" name="test_gav_coordinate_creation" file="tests/security/test_precise_gav_matching.py" line="22" time="0.001" /><testcase classname="tests.security.test_precise_gav_matching.TestGAVCoordinate" name="test_version_range_handling" file="tests/security/test_precise_gav_matching.py" line="32" time="0.001" /><testcase classname="tests.security.test_precise_gav_matching.TestVersionMatching" name="test_version_within_vulnerable_range" file="tests/security/test_precise_gav_matching.py" line="50" time="0.001" /><testcase classname="tests.security.test_precise_gav_matching.TestVersionMatching" name="test_version_excluding_constraints" file="tests/security/test_precise_gav_matching.py" line="69" time="0.001" /><testcase classname="tests.security.test_precise_gav_matching.TestCVEMatching" name="test_exact_match_vulnerable_log4j" file="tests/security/test_precise_gav_matching.py" line="155" time="0.001" /><testcase classname="tests.security.test_precise_gav_matching.TestCVEMatching" name="test_no_match_fixed_log4j" file="tests/security/test_precise_gav_matching.py" line="163" time="0.001" /><testcase classname="tests.security.test_precise_gav_matching.TestCVEMatching" name="test_no_false_positive_different_artifact" file="tests/security/test_precise_gav_matching.py" line="171" time="0.001" /><testcase classname="tests.security.test_precise_gav_matching.TestCVEMatching" name="test_spring_cve_matching" file="tests/security/test_precise_gav_matching.py" line="180" time="0.001" /><testcase classname="tests.security.test_precise_gav_matching.TestFalsePositivePrevention" name="test_similar_names_no_false_match" file="tests/security/test_precise_gav_matching.py" line="201" time="0.001" /><testcase classname="tests.security.test_precise_gav_matching.TestFalsePositivePrevention" name="test_version_boundary_precision" file="tests/security/test_precise_gav_matching.py" line="233" time="0.001" /><testcase classname="tests.security.test_precise_gav_matching.TestFalsePositivePrevention" name="test_generic_names_require_group_validation" file="tests/security/test_precise_gav_matching.py" line="260" time="0.001" /><testcase classname="tests.security.test_precise_gav_matching.TestIntegrationScenarios" name="test_real_world_dependency_list" file="tests/security/test_precise_gav_matching.py" line="295" time="0.001" /><testcase classname="tests.security.test_precise_gav_matching" name="test_compare_with_old_matching" file="tests/security/test_precise_gav_matching.py" line="337" time="0.001" /><testcase classname="tests.test_calls_extraction_multifile" name="test_calls_across_two_files" file="tests/test_calls_extraction_multifile.py" line="11" time="0.008" /><testcase classname="tests.test_calls_extraction_real" name="test_calls_across_two_classes_in_one_file" file="tests/test_calls_extraction_real.py" line="11" time="0.002" /><testcase classname="tests.test_centrality_analysis.TestArgumentParsing" name="test_parse_args_with_defaults" file="tests/test_centrality_analysis.py" line="38" time="0.001" /><testcase classname="tests.test_centrality_analysis.TestArgumentParsing" name="test_parse_args_with_custom_algorithms" file="tests/test_centrality_analysis.py" line="48" time="0.001" /><testcase classname="tests.test_centrality_analysis.TestArgumentParsing" name="test_parse_args_invalid_algorithm" file="tests/test_centrality_analysis.py" line="70" time="0.002" /><testcase classname="tests.test_centrality_analysis.TestCallGraphValidation" name="test_check_call_graph_exists_with_data" file="tests/test_centrality_analysis.py" line="82" time="0.004" /><testcase classname="tests.test_centrality_analysis.TestCallGraphValidation" name="test_check_call_graph_exists_no_data" file="tests/test_centrality_analysis.py" line="100" time="0.001" /><testcase classname="tests.test_centrality_analysis.TestCallGraphValidation" name="test_check_call_graph_exists_database_error" file="tests/test_centrality_analysis.py" line="110" time="0.001" /><testcase classname="tests.test_centrality_analysis.TestCallGraphValidation" name="test_check_call_graph_exists_empty_result" file="tests/test_centrality_analysis.py" line="118" time="0.002" /><testcase classname="tests.test_centrality_analysis.TestGraphProjectionCreation" name="test_create_call_graph_projection_new_graph" file="tests/test_centrality_analysis.py" line="130" time="0.002" /><testcase classname="tests.test_centrality_analysis.TestGraphProjectionCreation" name="test_create_call_graph_projection_existing_graph" file="tests/test_centrality_analysis.py" line="150" time="0.001" /><testcase classname="tests.test_centrality_analysis.TestGraphProjectionCreation" name="test_create_call_graph_projection_recreation" file="tests/test_centrality_analysis.py" line="165" time="0.002" /><testcase classname="tests.test_centrality_analysis.TestGraphProjectionCreation" name="test_create_call_graph_projection_creation_failure" file="tests/test_centrality_analysis.py" line="186" time="0.001" /><testcase classname="tests.test_centrality_analysis.TestPageRankAnalysis" name="test_run_pagerank_analysis_stream_mode" file="tests/test_centrality_analysis.py" line="199" time="0.006" /><testcase classname="tests.test_centrality_analysis.TestPageRankAnalysis" name="test_run_pagerank_analysis_write_back_mode" file="tests/test_centrality_analysis.py" line="239" time="0.002" /><testcase classname="tests.test_centrality_analysis.TestPageRankAnalysis" name="test_run_pagerank_analysis_empty_results" file="tests/test_centrality_analysis.py" line="265" time="0.001" /><testcase classname="tests.test_centrality_analysis.TestPageRankAnalysis" name="test_run_pagerank_analysis_algorithm_failure" file="tests/test_centrality_analysis.py" line="278" time="0.001" /><testcase classname="tests.test_centrality_analysis.TestBetweennessAnalysis" name="test_run_betweenness_analysis_stream_mode" file="tests/test_centrality_analysis.py" line="292" time="0.002" /><testcase classname="tests.test_centrality_analysis.TestBetweennessAnalysis" name="test_run_betweenness_analysis_write_back_mode" file="tests/test_centrality_analysis.py" line="326" time="0.002" /><testcase classname="tests.test_centrality_analysis.TestDegreeAnalysis" name="test_run_degree_analysis_success" file="tests/test_centrality_analysis.py" line="355" time="0.002" /><testcase classname="tests.test_centrality_analysis.TestDegreeAnalysis" name="test_run_degree_analysis_empty_results" file="tests/test_centrality_analysis.py" line="397" time="0.001" /><testcase classname="tests.test_centrality_analysis.TestHITSAnalysis" name="test_run_hits_analysis_success" file="tests/test_centrality_analysis.py" line="412" time="0.002" /><testcase classname="tests.test_centrality_analysis.TestHITSAnalysis" name="test_run_hits_analysis_algorithm_failure" file="tests/test_centrality_analysis.py" line="468" time="0.001" /><testcase classname="tests.test_centrality_analysis.TestHITSAnalysis" name="test_run_hits_analysis_empty_results" file="tests/test_centrality_analysis.py" line="480" time="0.002" /><testcase classname="tests.test_centrality_analysis.TestAnalysisSummarization" name="test_summarize_analysis_complete_results" file="tests/test_centrality_analysis.py" line="498" time="0.001" /><testcase classname="tests.test_centrality_analysis.TestAnalysisSummarization" name="test_summarize_analysis_partial_results" file="tests/test_centrality_analysis.py" line="525" time="0.001" /><testcase classname="tests.test_centrality_analysis.TestAnalysisSummarization" name="test_summarize_analysis_empty_results" file="tests/test_centrality_analysis.py" line="534" time="0.001" /><testcase classname="tests.test_centrality_analysis.TestAnalysisSummarization" name="test_summarize_analysis_missing_class_names" file="tests/test_centrality_analysis.py" line="541" time="0.001" /><testcase classname="tests.test_centrality_analysis.TestMainFunction" name="test_main_insufficient_methods" file="tests/test_centrality_analysis.py" line="552" time="0.003" /><testcase classname="tests.test_centrality_analysis.TestMainFunction" name="test_main_no_call_relationships" file="tests/test_centrality_analysis.py" line="582" time="0.003" /><testcase classname="tests.test_centrality_analysis.TestMainFunction" name="test_main_successful_analysis" file="tests/test_centrality_analysis.py" line="609" time="0.006" /><testcase classname="tests.test_centrality_analysis.TestEdgeCasesAndErrorHandling" name="test_node_details_query_failure" file="tests/test_centrality_analysis.py" line="660" time="0.002" /><testcase classname="tests.test_centrality_analysis.TestEdgeCasesAndErrorHandling" name="test_algorithm_with_zero_scores" file="tests/test_centrality_analysis.py" line="673" time="0.002" /><testcase classname="tests.test_centrality_analysis.TestEdgeCasesAndErrorHandling" name="test_large_dataset_handling" file="tests/test_centrality_analysis.py" line="695" time="0.007" /><testcase classname="tests.test_centrality_analysis.TestEdgeCasesAndErrorHandling" name="test_malformed_dataframe_results" file="tests/test_centrality_analysis.py" line="724" time="0.001" /><testcase classname="tests.test_centrality_sanity" name="test_degree_query_shape" file="tests/test_centrality_sanity.py" line="11" time="0.001" /><testcase classname="tests.test_cleanup_complete" name="test_complete_reset_dry_run_shows_counts" file="tests/test_cleanup_complete.py" line="16" time="0.001" /><testcase classname="tests.test_cleanup_complete" name="test_complete_reset_handles_empty_database" file="tests/test_cleanup_complete.py" line="39" time="0.001" /><testcase classname="tests.test_cleanup_complete" name="test_parse_args_includes_complete_options" file="tests/test_cleanup_complete.py" line="59" time="0.001" /><testcase classname="tests.test_cli_scripts.TestCLIScriptImportability" name="test_git_history_script_import" file="tests/test_cli_scripts.py" line="21" time="0.807" /><testcase classname="tests.test_cli_scripts.TestCLIScriptImportability" name="test_code_to_graph_script_import" file="tests/test_cli_scripts.py" line="51" time="0.156" /><testcase classname="tests.test_cli_scripts.TestCLIScriptImportability" name="test_similarity_script_import" file="tests/test_cli_scripts.py" line="61" time="0.152" /><testcase classname="tests.test_cli_scripts.TestCLIScriptImportability" name="test_centrality_script_import" file="tests/test_cli_scripts.py" line="71" time="0.152" /><testcase classname="tests.test_cli_scripts.TestCLIScriptImportability" name="test_cleanup_script_import" file="tests/test_cli_scripts.py" line="81" time="0.644" /><testcase classname="tests.test_cli_scripts.TestCLIScriptImportability" name="test_all_scripts_importable[git_history_to_graph.py]" file="tests/test_cli_scripts.py" line="91" time="0.672" /><testcase classname="tests.test_cli_scripts.TestCLIScriptImportability" name="test_all_scripts_importable[code_to_graph.py]" file="tests/test_cli_scripts.py" line="91" time="0.149" /><testcase classname="tests.test_cli_scripts.TestCLIScriptImportability" name="test_all_scripts_importable[create_method_similarity.py]" file="tests/test_cli_scripts.py" line="91" time="0.150" /><testcase classname="tests.test_cli_scripts.TestCLIScriptImportability" name="test_all_scripts_importable[centrality_analysis.py]" file="tests/test_cli_scripts.py" line="91" time="0.156" /><testcase classname="tests.test_cli_scripts.TestCLIScriptImportability" name="test_all_scripts_importable[cleanup_graph.py]" file="tests/test_cli_scripts.py" line="91" time="0.604" /><testcase classname="tests.test_cli_scripts.TestCLIScriptImportability" name="test_all_scripts_importable[cve_analysis.py]" file="tests/test_cli_scripts.py" line="91" time="0.710" /><testcase classname="tests.test_cli_scripts.TestCLIScriptImportability" name="test_all_scripts_importable[schema_management.py]" file="tests/test_cli_scripts.py" line="91" time="0.596" /><testcase classname="tests.test_cli_scripts.TestLibraryModuleImportability" name="test_git_analysis_module_import" file="tests/test_cli_scripts.py" line="125" time="0.001" /><testcase classname="tests.test_cli_scripts.TestLibraryModuleImportability" name="test_code_analysis_module_import" file="tests/test_cli_scripts.py" line="136" time="0.000" /><testcase classname="tests.test_cli_scripts.TestLibraryModuleImportability" name="test_similarity_module_import" file="tests/test_cli_scripts.py" line="145" time="0.000" /><testcase classname="tests.test_cli_scripts.TestConditionalImportPatterns" name="test_conditional_import_from_script_context" file="tests/test_cli_scripts.py" line="163" time="0.591" /><testcase classname="tests.test_cli_scripts.TestConditionalImportPatterns" name="test_conditional_import_from_module_context" file="tests/test_cli_scripts.py" line="223" time="0.002" /><testcase classname="tests.test_cli_smoke_imports" name="test_wrappers_help_execute_without_import_errors" file="tests/test_cli_smoke_imports.py" line="18" time="0.453" /><testcase classname="tests.test_cli_smoke_imports" name="test_analysis_modules_import_via_runpath_without_main_execution" file="tests/test_cli_smoke_imports.py" line="36" time="0.005" /><testcase classname="tests.test_cli_smoke_imports" name="test_analysis_modules_import_as_package_with_src_on_syspath" file="tests/test_cli_smoke_imports.py" line="48" time="0.002" /><testcase classname="tests.test_code_analysis_batching" name="test_file_node_batching" file="tests/test_code_analysis_batching.py" line="29" time="0.110" /><testcase classname="tests.test_code_to_graph" name="test_code_to_graph_imports" file="tests/test_code_to_graph.py" line="38" time="0.001" /><testcase classname="tests.test_common_utils_comprehensive.TestSetupLogging" name="test_setup_logging_default_level" file="tests/test_common_utils_comprehensive.py" line="19" time="0.001" /><testcase classname="tests.test_common_utils_comprehensive.TestSetupLogging" name="test_setup_logging_debug_level" file="tests/test_common_utils_comprehensive.py" line="42" time="0.001" /><testcase classname="tests.test_common_utils_comprehensive.TestSetupLogging" name="test_setup_logging_with_integer_level" file="tests/test_common_utils_comprehensive.py" line="63" time="0.001" /><testcase classname="tests.test_common_utils_comprehensive.TestSetupLogging" name="test_setup_logging_invalid_level" file="tests/test_common_utils_comprehensive.py" line="86" time="0.001" /><testcase classname="tests.test_common_utils_comprehensive.TestSetupLogging" name="test_setup_logging_format_structure" file="tests/test_common_utils_comprehensive.py" line="110" time="0.001" /><testcase classname="tests.test_common_utils_comprehensive.TestSetupLogging" name="test_setup_logging_with_file_handler" file="tests/test_common_utils_comprehensive.py" line="133" time="0.001" /><testcase classname="tests.test_common_utils_comprehensive.TestSetupLogging" name="test_setup_logging_case_insensitive_level" file="tests/test_common_utils_comprehensive.py" line="155" time="0.000" /><testcase classname="tests.test_common_utils_comprehensive.TestAddCommonArgs" name="test_add_common_args_basic" file="tests/test_common_utils_comprehensive.py" line="172" time="0.001" /><testcase classname="tests.test_common_utils_comprehensive.TestAddCommonArgs" name="test_add_common_args_default_values" file="tests/test_common_utils_comprehensive.py" line="188" time="0.001" /><testcase classname="tests.test_common_utils_comprehensive.TestAddCommonArgs" name="test_add_common_args_override_values" file="tests/test_common_utils_comprehensive.py" line="207" time="0.001" /><testcase classname="tests.test_common_utils_comprehensive.TestAddCommonArgs" name="test_add_common_args_help_text" file="tests/test_common_utils_comprehensive.py" line="237" time="0.001" /><testcase classname="tests.test_common_utils_comprehensive.TestAddCommonArgs" name="test_add_common_args_multiple_parsers" file="tests/test_common_utils_comprehensive.py" line="258" time="0.001" /><testcase classname="tests.test_common_utils_comprehensive.TestAddCommonArgs" name="test_add_common_args_with_existing_args" file="tests/test_common_utils_comprehensive.py" line="273" time="0.001" /><testcase classname="tests.test_common_utils_comprehensive.TestUtilityFunctionIntegration" name="test_logging_and_args_integration" file="tests/test_common_utils_comprehensive.py" line="294" time="0.001" /><testcase classname="tests.test_common_utils_comprehensive.TestUtilityFunctionIntegration" name="test_environment_variable_fallback" file="tests/test_common_utils_comprehensive.py" line="324" time="0.001" /><testcase classname="tests.test_common_utils_comprehensive.TestUtilityFunctionIntegration" name="test_argument_validation_patterns" file="tests/test_common_utils_comprehensive.py" line="342" time="0.001" /><testcase classname="tests.test_common_utils_comprehensive.TestUtilityFunctionIntegration" name="test_logging_configuration_consistency" file="tests/test_common_utils_comprehensive.py" line="356" time="0.001" /><testcase classname="tests.test_common_utils_comprehensive.TestErrorHandlingPatterns" name="test_logging_with_exception_handling" file="tests/test_common_utils_comprehensive.py" line="387" time="0.001" /><testcase classname="tests.test_common_utils_comprehensive.TestErrorHandlingPatterns" name="test_argument_parsing_error_handling" file="tests/test_common_utils_comprehensive.py" line="410" time="0.001" /><testcase classname="tests.test_common_utils_comprehensive.TestErrorHandlingPatterns" name="test_robust_configuration_handling" file="tests/test_common_utils_comprehensive.py" line="422" time="0.001" /><testcase classname="tests.test_connection" name="test_neo4j_connection" file="tests/test_connection.py" line="18" time="30.007" /><testcase classname="tests.test_constants.TestModelConfiguration" name="test_model_name_is_valid" file="tests/test_constants.py" line="46" time="0.001" /><testcase classname="tests.test_constants.TestModelConfiguration" name="test_embedding_type_consistency" file="tests/test_constants.py" line="52" time="0.001" /><testcase classname="tests.test_constants.TestModelConfiguration" name="test_embedding_dimension_is_valid" file="tests/test_constants.py" line="57" time="0.001" /><testcase classname="tests.test_constants.TestDatabaseConfiguration" name="test_default_neo4j_uri_format" file="tests/test_constants.py" line="67" time="0.001" /><testcase classname="tests.test_constants.TestDatabaseConfiguration" name="test_default_neo4j_port_is_valid" file="tests/test_constants.py" line="72" time="0.001" /><testcase classname="tests.test_constants.TestDatabaseConfiguration" name="test_uri_port_consistency" file="tests/test_constants.py" line="78" time="0.001" /><testcase classname="tests.test_constants.TestDatabaseConfiguration" name="test_default_credentials_are_strings" file="tests/test_constants.py" line="82" time="0.001" /><testcase classname="tests.test_constants.TestCVEConfiguration" name="test_cvss_threshold_range" file="tests/test_constants.py" line="94" time="0.001" /><testcase classname="tests.test_constants.TestCVEConfiguration" name="test_max_hops_is_reasonable" file="tests/test_constants.py" line="100" time="0.001" /><testcase classname="tests.test_constants.TestCVEConfiguration" name="test_days_back_is_positive" file="tests/test_constants.py" line="106" time="0.001" /><testcase classname="tests.test_constants.TestCVEConfiguration" name="test_max_results_is_reasonable" file="tests/test_constants.py" line="112" time="0.001" /><testcase classname="tests.test_constants.TestCVEConfiguration" name="test_nvd_api_url_format" file="tests/test_constants.py" line="118" time="0.001" /><testcase classname="tests.test_constants.TestCVEConfiguration" name="test_cve_cache_dir_format" file="tests/test_constants.py" line="124" time="0.001" /><testcase classname="tests.test_constants.TestFileProcessingConfiguration" name="test_max_file_size_reasonable" file="tests/test_constants.py" line="134" time="0.001" /><testcase classname="tests.test_constants.TestFileProcessingConfiguration" name="test_supported_extensions_format" file="tests/test_constants.py" line="140" time="0.001" /><testcase classname="tests.test_constants.TestFileProcessingConfiguration" name="test_batch_size_performance" file="tests/test_constants.py" line="148" time="0.001" /><testcase classname="tests.test_constants.TestFileProcessingConfiguration" name="test_max_workers_reasonable" file="tests/test_constants.py" line="154" time="0.001" /><testcase classname="tests.test_constants.TestGraphAnalysisConfiguration" name="test_pagerank_alpha_range" file="tests/test_constants.py" line="164" time="0.001" /><testcase classname="tests.test_constants.TestGraphAnalysisConfiguration" name="test_pagerank_iterations_reasonable" file="tests/test_constants.py" line="170" time="0.001" /><testcase classname="tests.test_constants.TestGraphAnalysisConfiguration" name="test_similarity_threshold_range" file="tests/test_constants.py" line="176" time="0.001" /><testcase classname="tests.test_constants.TestGraphAnalysisConfiguration" name="test_knn_neighbors_reasonable" file="tests/test_constants.py" line="182" time="0.001" /><testcase classname="tests.test_constants.TestLoggingConfiguration" name="test_log_format_structure" file="tests/test_constants.py" line="192" time="0.001" /><testcase classname="tests.test_constants.TestLoggingConfiguration" name="test_max_log_file_size_reasonable" file="tests/test_constants.py" line="199" time="0.001" /><testcase classname="tests.test_constants.TestPipelineConfiguration" name="test_pipeline_timeout_reasonable" file="tests/test_constants.py" line="209" time="0.001" /><testcase classname="tests.test_constants.TestPipelineConfiguration" name="test_max_retries_reasonable" file="tests/test_constants.py" line="215" time="0.001" /><testcase classname="tests.test_constants.TestOutputFormattingConfiguration" name="test_summary_line_length_standard" file="tests/test_constants.py" line="225" time="0.001" /><testcase classname="tests.test_constants.TestOutputFormattingConfiguration" name="test_progress_bar_width_reasonable" file="tests/test_constants.py" line="231" time="0.001" /><testcase classname="tests.test_constants.TestEnvironmentVariablesConfiguration" name="test_env_vars_structure" file="tests/test_constants.py" line="241" time="0.001" /><testcase classname="tests.test_constants.TestEnvironmentVariablesConfiguration" name="test_required_env_vars_present" file="tests/test_constants.py" line="246" time="0.000" /><testcase classname="tests.test_constants.TestEnvironmentVariablesConfiguration" name="test_env_vars_default_values" file="tests/test_constants.py" line="252" time="0.000" /><testcase classname="tests.test_constants.TestStatusIconsConfiguration" name="test_status_icons_completeness" file="tests/test_constants.py" line="264" time="0.000" /><testcase classname="tests.test_constants.TestStatusIconsConfiguration" name="test_status_icons_are_unicode" file="tests/test_constants.py" line="270" time="0.001" /><testcase classname="tests.test_constants.TestStatusIconsConfiguration" name="test_status_icon_uniqueness" file="tests/test_constants.py" line="278" time="0.000" /><testcase classname="tests.test_constants.TestDependencyFilesConfiguration" name="test_dependency_files_structure" file="tests/test_constants.py" line="290" time="0.000" /><testcase classname="tests.test_constants.TestDependencyFilesConfiguration" name="test_build_systems_supported" file="tests/test_constants.py" line="295" time="0.000" /><testcase classname="tests.test_constants.TestDependencyFilesConfiguration" name="test_dependency_file_patterns" file="tests/test_constants.py" line="301" time="0.000" /><testcase classname="tests.test_constants.TestConfigurationConsistency" name="test_batch_size_worker_relationship" file="tests/test_constants.py" line="315" time="0.000" /><testcase classname="tests.test_constants.TestConfigurationConsistency" name="test_timeout_retry_relationship" file="tests/test_constants.py" line="320" time="0.000" /><testcase classname="tests.test_constants.TestConfigurationConsistency" name="test_similarity_knn_relationship" file="tests/test_constants.py" line="325" time="0.000" /><testcase classname="tests.test_constants.TestConfigurationConsistency" name="test_graph_analysis_ranges" file="tests/test_constants.py" line="331" time="0.001" /><testcase classname="tests.test_cve_analysis.TestCVECacheManager" name="test_is_cve_relevant_with_matching_component" file="tests/test_cve_analysis.py" line="80" time="0.001" /><testcase classname="tests.test_cve_analysis.TestCVECacheManager" name="test_is_cve_relevant_with_non_matching_component" file="tests/test_cve_analysis.py" line="107" time="0.001" /><testcase classname="tests.test_cve_analysis.TestCVECacheManager" name="test_cache_file_creation" file="tests/test_cve_analysis.py" line="134" time="0.001" /><testcase classname="tests.test_cve_analysis.TestCVECacheManager" name="test_async_rate_limit_concurrent" file="tests/test_cve_analysis.py" line="147" time="0.002" /><testcase classname="tests.test_cve_analysis.TestCVEAnalyzer" name="test_load_cve_data_from_file" file="tests/test_cve_analysis.py" line="180" time="0.006" /><testcase classname="tests.test_cve_analysis.TestCVEAnalyzer" name="test_extract_cve_details" file="tests/test_cve_analysis.py" line="193" time="0.001" /><testcase classname="tests.test_cve_analysis.TestCVEAnalyzer" name="test_extract_component_from_cpe" file="tests/test_cve_analysis.py" line="218" time="0.001" /><testcase classname="tests.test_cve_analysis.TestCVEAnalyzer" name="test_universal_dependency_matching" file="tests/test_cve_analysis.py" line="234" time="0.001" /><testcase classname="tests.test_cve_analysis.TestCVEAnalyzer" name="test_universal_component_patterns" file="tests/test_cve_analysis.py" line="304" time="0.001" /><testcase classname="tests.test_cve_analysis.TestCVEAnalyzer" name="test_component_mapping" file="tests/test_cve_analysis.py" line="321" time="0.001" /><testcase classname="tests.test_cve_analysis.TestCVEAnalyzer" name="test_cvss_severity_classification" file="tests/test_cve_analysis.py" line="335" time="0.001" /><testcase classname="tests.test_cve_analysis.TestCVEIntegration" name="test_end_to_end_cve_workflow" file="tests/test_cve_analysis.py" line="363" time="0.001" /><testcase classname="tests.test_cve_analysis.TestCVEIntegration" name="test_cve_data_loading_integration" file="tests/test_cve_analysis.py" line="375" time="0.001" /><testcase classname="tests.test_cve_analysis" name="test_cve_schema_constraints" file="tests/test_cve_analysis.py" line="396" time="0.001" /><testcase classname="tests.test_cve_analysis_comprehensive" name="test_import_resolution" file="tests/test_cve_analysis_comprehensive.py" line="19" time="0.002" /><testcase classname="tests.test_cve_analysis_comprehensive.TestCVEAnalyzer" name="test_analyzer_initialization_defaults" file="tests/test_cve_analysis_comprehensive.py" line="54" time="0.001" /><testcase classname="tests.test_cve_analysis_comprehensive.TestCVEAnalyzer" name="test_analyzer_initialization_with_parameters" file="tests/test_cve_analysis_comprehensive.py" line="66" time="0.001" /><testcase classname="tests.test_cve_analysis_comprehensive.TestCVEAnalyzer" name="test_load_cve_data_valid_file" file="tests/test_cve_analysis_comprehensive.py" line="76" time="0.001" /><testcase classname="tests.test_cve_analysis_comprehensive.TestCVEAnalyzer" name="test_load_cve_data_missing_file" file="tests/test_cve_analysis_comprehensive.py" line="93" time="0.001" /><testcase classname="tests.test_cve_analysis_comprehensive.TestCVEAnalyzer" name="test_load_cve_data_invalid_json" file="tests/test_cve_analysis_comprehensive.py" line="102" time="0.001" /><testcase classname="tests.test_cve_analysis_comprehensive.TestCVEAnalyzer" name="test_get_cache_status" file="tests/test_cve_analysis_comprehensive.py" line="118" time="0.002" /><testcase classname="tests.test_cve_analysis_comprehensive.TestCVEAnalyzer" name="test_extract_codebase_dependencies_with_data" file="tests/test_cve_analysis_comprehensive.py" line="152" time="0.021" /><testcase classname="tests.test_cve_analysis_comprehensive.TestCVEAnalyzer" name="test_extract_codebase_dependencies_empty_graph" file="tests/test_cve_analysis_comprehensive.py" line="191" time="0.002" /><testcase classname="tests.test_cve_analysis_comprehensive.TestCVEAnalyzer" name="test_extract_codebase_dependencies_database_error" file="tests/test_cve_analysis_comprehensive.py" line="210" time="0.002" /><testcase classname="tests.test_cve_analysis_comprehensive.TestCVEAnalyzer" name="test_create_universal_component_search_terms_maven" file="tests/test_cve_analysis_comprehensive.py" line="227" time="0.001" /><testcase classname="tests.test_cve_analysis_comprehensive.TestCVEAnalyzer" name="test_create_universal_component_search_terms_npm" file="tests/test_cve_analysis_comprehensive.py" line="251" time="0.001" /><testcase classname="tests.test_cve_analysis_comprehensive.TestCVEAnalyzer" name="test_create_universal_component_search_terms_empty" file="tests/test_cve_analysis_comprehensive.py" line="269" time="0.001" /><testcase classname="tests.test_cve_analysis_comprehensive.TestCVEAnalyzer" name="test_create_universal_component_search_terms_malformed_packages" file="tests/test_cve_analysis_comprehensive.py" line="281" time="0.001" /><testcase classname="tests.test_cve_analysis_comprehensive.TestCVEAnalyzer" name="test_create_vulnerability_graph_success" file="tests/test_cve_analysis_comprehensive.py" line="305" time="0.002" /><testcase classname="tests.test_cve_analysis_comprehensive.TestCVEAnalyzer" name="test_create_vulnerability_graph_empty_data" file="tests/test_cve_analysis_comprehensive.py" line="334" time="0.001" /><testcase classname="tests.test_cve_analysis_comprehensive.TestCVEAnalyzer" name="test_analyze_vulnerability_impact_success" file="tests/test_cve_analysis_comprehensive.py" line="347" time="0.002" /><testcase classname="tests.test_cve_analysis_comprehensive.TestCVEAnalyzer" name="test_analyze_vulnerability_impact_no_vulnerabilities" file="tests/test_cve_analysis_comprehensive.py" line="381" time="0.000"><skipped type="pytest.skip" message="Complex mock interaction with Neo4j result objects - functionality works in practice">/Users/alexwoolford/neo4j-code-graph/tests/test_cve_analysis_comprehensive.py:382: Complex mock interaction with Neo4j result objects - functionality works in practice</skipped></testcase><testcase classname="tests.test_cve_analysis_comprehensive.TestCVEAnalyzer" name="test_generate_impact_report_with_vulnerabilities" file="tests/test_cve_analysis_comprehensive.py" line="391" time="0.001" /><testcase classname="tests.test_cve_analysis_comprehensive.TestCVEAnalyzer" name="test_generate_impact_report_empty_vulnerabilities" file="tests/test_cve_analysis_comprehensive.py" line="428" time="0.001" /><testcase classname="tests.test_cve_analysis_comprehensive.TestMainFunction" name="test_main_cache_status_flag" file="tests/test_cve_analysis_comprehensive.py" line="444" time="0.003" /><testcase classname="tests.test_cve_analysis_comprehensive.TestMainFunction" name="test_main_clear_partial_cache_flag" file="tests/test_cve_analysis_comprehensive.py" line="467" time="0.003" /><testcase classname="tests.test_cve_analysis_comprehensive.TestMainFunction" name="test_main_clear_all_cache_confirmed" file="tests/test_cve_analysis_comprehensive.py" line="490" time="0.004" /><testcase classname="tests.test_cve_analysis_comprehensive.TestMainFunction" name="test_main_clear_all_cache_cancelled" file="tests/test_cve_analysis_comprehensive.py" line="516" time="0.003" /><testcase classname="tests.test_cve_analysis_comprehensive.TestMainFunction" name="test_main_api_key_info_flag" file="tests/test_cve_analysis_comprehensive.py" line="542" time="0.002" /><testcase classname="tests.test_cve_analysis_comprehensive.TestMainFunction" name="test_main_no_api_key_declined" file="tests/test_cve_analysis_comprehensive.py" line="558" time="0.004" /><testcase classname="tests.test_cve_analysis_comprehensive.TestMainFunction" name="test_main_no_dependencies_found" file="tests/test_cve_analysis_comprehensive.py" line="594" time="0.003" /><testcase classname="tests.test_cve_analysis_comprehensive.TestMainFunction" name="test_main_successful_analysis_with_api_key" file="tests/test_cve_analysis_comprehensive.py" line="618" time="0.004" /><testcase classname="tests.test_cve_analysis_comprehensive.TestMainFunction" name="test_main_no_cves_found" file="tests/test_cve_analysis_comprehensive.py" line="659" time="0.005" /><testcase classname="tests.test_cve_analysis_comprehensive.TestErrorHandlingAndEdgeCases" name="test_cve_fetch_network_error" file="tests/test_cve_analysis_comprehensive.py" line="695" time="0.001" /><testcase classname="tests.test_cve_analysis_comprehensive.TestErrorHandlingAndEdgeCases" name="test_database_connection_failure" file="tests/test_cve_analysis_comprehensive.py" line="712" time="0.001" /><testcase classname="tests.test_cve_analysis_comprehensive.TestErrorHandlingAndEdgeCases" name="test_malformed_vulnerability_data" file="tests/test_cve_analysis_comprehensive.py" line="725" time="0.002" /><testcase classname="tests.test_cve_analysis_comprehensive.TestErrorHandlingAndEdgeCases" name="test_command_line_argument_validation" file="tests/test_cve_analysis_comprehensive.py" line="750" time="0.002" /><testcase classname="tests.test_cve_analysis_comprehensive.TestImportPatterns" name="test_script_execution_import_pattern" file="tests/test_cve_analysis_comprehensive.py" line="767" time="0.001" /><testcase classname="tests.test_cve_analysis_comprehensive.TestImportPatterns" name="test_package_import_pattern" file="tests/test_cve_analysis_comprehensive.py" line="788" time="0.001" /><testcase classname="tests.test_cve_analysis_comprehensive.TestImportPatterns" name="test_module_reload_safety" file="tests/test_cve_analysis_comprehensive.py" line="799" time="0.001" /><testcase classname="tests.test_cve_analysis_comprehensive.TestRealWorldScenarios" name="test_large_dependency_set_handling" file="tests/test_cve_analysis_comprehensive.py" line="821" time="0.007" /><testcase classname="tests.test_cve_analysis_comprehensive.TestRealWorldScenarios" name="test_unicode_dependency_names" file="tests/test_cve_analysis_comprehensive.py" line="843" time="0.001" /><testcase classname="tests.test_cve_analysis_comprehensive.TestRealWorldScenarios" name="test_concurrent_execution_safety" file="tests/test_cve_analysis_comprehensive.py" line="863" time="0.002" /><testcase classname="tests.test_cve_cache_manager_async" name="test_async_rate_limit_enforcement" file="tests/test_cve_cache_manager_async.py" line="10" time="0.001" /><testcase classname="tests.test_cve_cache_manager_cache" name="test_partial_and_complete_cache_roundtrip" file="tests/test_cve_cache_manager_cache.py" line="6" time="0.003" /><testcase classname="tests.test_cve_cache_manager_cache" name="test_complete_cache_expiry" file="tests/test_cve_cache_manager_cache.py" line="31" time="0.002" /><testcase classname="tests.test_cypher_explain_smoke" name="test_explain_code_analysis_queries" file="tests/test_cypher_explain_smoke.py" line="31" time="30.006"><skipped type="pytest.skip" message="Neo4j not reachable for EXPLAIN tests: Unable to retrieve routing information">/Users/alexwoolford/neo4j-code-graph/tests/test_cypher_explain_smoke.py:29: Neo4j not reachable for EXPLAIN tests: Unable to retrieve routing information</skipped></testcase><testcase classname="tests.test_cypher_explain_smoke" name="test_explain_cve_analysis_queries" file="tests/test_cypher_explain_smoke.py" line="52" time="30.010"><skipped type="pytest.skip" message="Neo4j not reachable for EXPLAIN tests: Unable to retrieve routing information">/Users/alexwoolford/neo4j-code-graph/tests/test_cypher_explain_smoke.py:29: Neo4j not reachable for EXPLAIN tests: Unable to retrieve routing information</skipped></testcase><testcase classname="tests.test_cypher_explain_smoke" name="test_explain_cleanup_show_indexes" file="tests/test_cypher_explain_smoke.py" line="60" time="30.009"><skipped type="pytest.skip" message="Neo4j not reachable for EXPLAIN tests: Unable to retrieve routing information">/Users/alexwoolford/neo4j-code-graph/tests/test_cypher_explain_smoke.py:29: Neo4j not reachable for EXPLAIN tests: Unable to retrieve routing information</skipped></testcase><testcase classname="tests.test_dependency_extraction.TestDependencyInfo" name="test_dependency_info_creation_with_defaults" file="tests/test_dependency_extraction.py" line="24" time="0.003" /><testcase classname="tests.test_dependency_extraction.TestDependencyInfo" name="test_dependency_info_creation_with_custom_values" file="tests/test_dependency_extraction.py" line="34" time="0.002" /><testcase classname="tests.test_dependency_extraction.TestDependencyInfo" name="test_to_neo4j_node_conversion" file="tests/test_dependency_extraction.py" line="46" time="0.002" /><testcase classname="tests.test_dependency_extraction.TestDependencyInfo" name="test_to_neo4j_node_with_unicode_characters" file="tests/test_dependency_extraction.py" line="69" time="0.001" /><testcase classname="tests.test_dependency_extraction.TestEnhancedDependencyExtractor" name="test_extractor_initialization" file="tests/test_dependency_extraction.py" line="84" time="0.001" /><testcase classname="tests.test_dependency_extraction.TestEnhancedDependencyExtractor" name="test_extract_all_dependencies_empty_directory" file="tests/test_dependency_extraction.py" line="90" time="0.005" /><testcase classname="tests.test_dependency_extraction.TestEnhancedDependencyExtractor" name="test_extract_all_dependencies_no_build_files" file="tests/test_dependency_extraction.py" line="100" time="0.010" /><testcase classname="tests.test_dependency_extraction.TestEnhancedDependencyExtractor" name="test_extract_all_dependencies_with_maven_files" file="tests/test_dependency_extraction.py" line="116" time="0.005" /><testcase classname="tests.test_dependency_extraction.TestMavenDependencyExtraction" name="test_extract_maven_dependencies_malformed_xml" file="tests/test_dependency_extraction.py" line="172" time="0.003" /><testcase classname="tests.test_dependency_extraction.TestMavenDependencyExtraction" name="test_extract_maven_dependencies_with_properties" file="tests/test_dependency_extraction.py" line="186" time="0.002" /><testcase classname="tests.test_dependency_extraction.TestMavenDependencyExtraction" name="test_extract_maven_dependencies_with_dependency_management" file="tests/test_dependency_extraction.py" line="231" time="0.002" /><testcase classname="tests.test_dependency_extraction.TestMavenDependencyExtraction" name="test_maven_dependency_parsing_edge_cases" file="tests/test_dependency_extraction.py" line="283" time="0.002" /><testcase classname="tests.test_dependency_extraction.TestGradleDependencyExtraction" name="test_extract_gradle_dependencies_standard_format" file="tests/test_dependency_extraction.py" line="352" time="0.004" /><testcase classname="tests.test_dependency_extraction.TestGradleDependencyExtraction" name="test_extract_gradle_dependencies_with_variables" file="tests/test_dependency_extraction.py" line="394" time="0.002" /><testcase classname="tests.test_dependency_extraction.TestGradleDependencyExtraction" name="test_gradle_scope_extraction" file="tests/test_dependency_extraction.py" line="443" time="0.001" /><testcase classname="tests.test_dependency_extraction.TestGradleDependencyExtraction" name="test_extract_gradle_dependencies_file_not_found" file="tests/test_dependency_extraction.py" line="462" time="0.001" /><testcase classname="tests.test_dependency_extraction.TestPropertyResolver" name="test_property_resolver_initialization" file="tests/test_dependency_extraction.py" line="474" time="0.001" /><testcase classname="tests.test_dependency_extraction.TestPropertyResolver" name="test_resolve_version_no_property" file="tests/test_dependency_extraction.py" line="479" time="0.001" /><testcase classname="tests.test_dependency_extraction.TestPropertyResolver" name="test_resolve_version_with_property" file="tests/test_dependency_extraction.py" line="487" time="0.001" /><testcase classname="tests.test_dependency_extraction.TestPropertyResolver" name="test_resolve_version_unresolved_property" file="tests/test_dependency_extraction.py" line="495" time="0.001" /><testcase classname="tests.test_dependency_extraction.TestPropertyResolver" name="test_resolve_version_malformed_property" file="tests/test_dependency_extraction.py" line="503" time="0.001" /><testcase classname="tests.test_dependency_extraction.TestDependencyDeduplication" name="test_deduplicate_identical_dependencies" file="tests/test_dependency_extraction.py" line="525" time="0.001" /><testcase classname="tests.test_dependency_extraction.TestDependencyDeduplication" name="test_deduplicate_different_scopes_same_gav" file="tests/test_dependency_extraction.py" line="539" time="0.001" /><testcase classname="tests.test_dependency_extraction.TestDependencyDeduplication" name="test_deduplicate_different_versions_same_package" file="tests/test_dependency_extraction.py" line="554" time="0.001" /><testcase classname="tests.test_dependency_extraction.TestIntegrationFunction" name="test_extract_enhanced_dependencies_for_neo4j" file="tests/test_dependency_extraction.py" line="572" time="0.002" /><testcase classname="tests.test_dependency_extraction.TestIntegrationFunction" name="test_extract_enhanced_dependencies_for_neo4j_empty_directory" file="tests/test_dependency_extraction.py" line="603" time="0.002" /><testcase classname="tests.test_dependency_extraction.TestErrorHandling" name="test_extract_all_dependencies_handles_file_processing_errors" file="tests/test_dependency_extraction.py" line="615" time="0.002" /><testcase classname="tests.test_dependency_extraction.TestErrorHandling" name="test_maven_namespace_handling" file="tests/test_dependency_extraction.py" line="632" time="0.001" /><testcase classname="tests.test_dependency_extraction.TestErrorHandling" name="test_maven_properties_extraction_edge_cases" file="tests/test_dependency_extraction.py" line="646" time="0.001" /><testcase classname="tests.test_dependency_extraction_properties" name="test_maven_property_resolution" file="tests/test_dependency_extraction_properties.py" line="11" time="0.003" /><testcase classname="tests.test_dependency_extraction_properties" name="test_gradle_variable_resolution" file="tests/test_dependency_extraction_properties.py" line="44" time="0.002" /><testcase classname="tests.test_dependency_extraction_real" name="test_maven_gav_extraction" file="tests/test_dependency_extraction_real.py" line="11" time="0.002" /><testcase classname="tests.test_dependency_extraction_real" name="test_gradle_gav_extraction" file="tests/test_dependency_extraction_real.py" line="43" time="0.002" /><testcase classname="tests.test_dependency_parsing_enhanced" name="test_property_resolver_basic_cases" file="tests/test_dependency_parsing_enhanced.py" line="10" time="0.000" /><testcase classname="tests.test_dependency_parsing_enhanced" name="test_extract_gradle_scope_parsing" file="tests/test_dependency_parsing_enhanced.py" line="18" time="0.001" /><testcase classname="tests.test_end_to_end_imports_and_calls_write" name="test_write_imports_and_calls_end_to_end" file="tests/test_end_to_end_imports_and_calls_write.py" line="14" time="30.005"><skipped type="pytest.skip" message="Neo4j not reachable for end-to-end write: Unable to retrieve routing information">/Users/alexwoolford/neo4j-code-graph/tests/test_end_to_end_imports_and_calls_write.py:128: Neo4j not reachable for end-to-end write: Unable to retrieve routing information</skipped></testcase><testcase classname="tests.test_ensure_port" name="test_ensure_port[bolt://localhost:7687-bolt://localhost:7687]" file="tests/test_ensure_port.py" line="34" time="0.003" /><testcase classname="tests.test_ensure_port" name="test_ensure_port[bolt://localhost-bolt://localhost:7687]" file="tests/test_ensure_port.py" line="34" time="0.001" /><testcase classname="tests.test_ensure_port" name="test_ensure_port[neo4j://user:pass@host-neo4j://user:pass@host:7687]" file="tests/test_ensure_port.py" line="34" time="0.001" /><testcase classname="tests.test_ensure_port" name="test_ensure_port[neo4j://user@host:9999-neo4j://user@host:9999]" file="tests/test_ensure_port.py" line="34" time="0.001" /><testcase classname="tests.test_gav_cve_matcher_comprehensive.TestGAVCoordinate" name="test_gav_coordinate_creation" file="tests/test_gav_cve_matcher_comprehensive.py" line="18" time="0.001" /><testcase classname="tests.test_gav_cve_matcher_comprehensive.TestGAVCoordinate" name="test_full_coordinate_property" file="tests/test_gav_cve_matcher_comprehensive.py" line="26" time="0.001" /><testcase classname="tests.test_gav_cve_matcher_comprehensive.TestGAVCoordinate" name="test_package_key_property" file="tests/test_gav_cve_matcher_comprehensive.py" line="33" time="0.001" /><testcase classname="tests.test_gav_cve_matcher_comprehensive.TestGAVCoordinate" name="test_is_in_range_basic" file="tests/test_gav_cve_matcher_comprehensive.py" line="40" time="0.001" /><testcase classname="tests.test_gav_cve_matcher_comprehensive.TestGAVCoordinate" name="test_is_in_range_edge_cases" file="tests/test_gav_cve_matcher_comprehensive.py" line="53" time="0.001" /><testcase classname="tests.test_gav_cve_matcher_comprehensive.TestGAVCoordinate" name="test_is_in_range_swapped_bounds" file="tests/test_gav_cve_matcher_comprehensive.py" line="63" time="0.001" /><testcase classname="tests.test_gav_cve_matcher_comprehensive.TestGAVCoordinate" name="test_is_in_range_complex_versions" file="tests/test_gav_cve_matcher_comprehensive.py" line="70" time="0.001" /><testcase classname="tests.test_gav_cve_matcher_comprehensive.TestGAVCoordinate" name="test_is_in_range_invalid_versions" file="tests/test_gav_cve_matcher_comprehensive.py" line="80" time="0.001" /><testcase classname="tests.test_gav_cve_matcher_comprehensive.TestGAVCoordinate" name="test_is_in_range_real_world_versions" file="tests/test_gav_cve_matcher_comprehensive.py" line="92" time="0.001" /><testcase classname="tests.test_gav_cve_matcher_comprehensive.TestAffectedProduct" name="test_affected_product_creation" file="tests/test_gav_cve_matcher_comprehensive.py" line="111" time="0.001" /><testcase classname="tests.test_gav_cve_matcher_comprehensive.TestAffectedProduct" name="test_matches_version_start_including" file="tests/test_gav_cve_matcher_comprehensive.py" line="125" time="0.001" /><testcase classname="tests.test_gav_cve_matcher_comprehensive.TestAffectedProduct" name="test_matches_version_start_excluding" file="tests/test_gav_cve_matcher_comprehensive.py" line="133" time="0.001" /><testcase classname="tests.test_gav_cve_matcher_comprehensive.TestAffectedProduct" name="test_matches_version_end_including" file="tests/test_gav_cve_matcher_comprehensive.py" line="141" time="0.001" /><testcase classname="tests.test_gav_cve_matcher_comprehensive.TestAffectedProduct" name="test_matches_version_end_excluding" file="tests/test_gav_cve_matcher_comprehensive.py" line="149" time="0.001" /><testcase classname="tests.test_gav_cve_matcher_comprehensive.TestAffectedProduct" name="test_matches_version_range_combination" file="tests/test_gav_cve_matcher_comprehensive.py" line="157" time="0.001" /><testcase classname="tests.test_gav_cve_matcher_comprehensive.TestAffectedProduct" name="test_matches_version_complex_constraints" file="tests/test_gav_cve_matcher_comprehensive.py" line="173" time="0.001" /><testcase classname="tests.test_gav_cve_matcher_comprehensive.TestAffectedProduct" name="test_matches_version_invalid_version" file="tests/test_gav_cve_matcher_comprehensive.py" line="188" time="0.001" /><testcase classname="tests.test_gav_cve_matcher_comprehensive.TestAffectedProduct" name="test_matches_version_no_constraints" file="tests/test_gav_cve_matcher_comprehensive.py" line="201" time="0.001" /><testcase classname="tests.test_gav_cve_matcher_comprehensive.TestAffectedProduct" name="test_matches_version_real_world_log4j" file="tests/test_gav_cve_matcher_comprehensive.py" line="209" time="0.001" /><testcase classname="tests.test_gav_cve_matcher_comprehensive.TestAffectedProduct" name="test_matches_version_real_world_jackson" file="tests/test_gav_cve_matcher_comprehensive.py" line="229" time="0.001" /><testcase classname="tests.test_gav_cve_matcher_comprehensive.TestCVEVulnerability" name="test_cve_vulnerability_creation" file="tests/test_gav_cve_matcher_comprehensive.py" line="249" time="0.001" /><testcase classname="tests.test_gav_cve_matcher_comprehensive.TestGAVMatcherIntegration" name="test_real_world_vulnerability_scenarios" file="tests/test_gav_cve_matcher_comprehensive.py" line="277" time="0.001" /><testcase classname="tests.test_gav_cve_matcher_comprehensive.TestGAVMatcherIntegration" name="test_version_edge_cases_comprehensive" file="tests/test_gav_cve_matcher_comprehensive.py" line="314" time="0.001" /><testcase classname="tests.test_gav_cve_matcher_comprehensive.TestGAVMatcherIntegration" name="test_performance_with_many_constraints" file="tests/test_gav_cve_matcher_comprehensive.py" line="340" time="0.001" /><testcase classname="tests.test_gav_cve_matcher_comprehensive.TestGAVMatcherIntegration" name="test_boundary_condition_comprehensive" file="tests/test_gav_cve_matcher_comprehensive.py" line="365" time="0.001" /><testcase classname="tests.test_gds_smoke" name="test_gds_empty_projection_similarity" file="tests/test_gds_smoke.py" line="36" time="30.005"><skipped type="pytest.skip" message="Neo4j not reachable for GDS tests: Unable to retrieve routing information">/Users/alexwoolford/neo4j-code-graph/tests/test_gds_smoke.py:27: Neo4j not reachable for GDS tests: Unable to retrieve routing information</skipped></testcase><testcase classname="tests.test_gds_smoke" name="test_gds_empty_projection_centrality" file="tests/test_gds_smoke.py" line="58" time="30.007"><skipped type="pytest.skip" message="Neo4j not reachable for GDS tests: Unable to retrieve routing information">/Users/alexwoolford/neo4j-code-graph/tests/test_gds_smoke.py:27: Neo4j not reachable for GDS tests: Unable to retrieve routing information</skipped></testcase><testcase classname="tests.test_git_analysis_minirepo" name="test_extract_git_history_from_minirepo" file="tests/test_git_analysis_minirepo.py" line="8" time="0.259" /><testcase classname="tests.test_gradle_extraction" name="test_standard_dependency" file="tests/test_gradle_extraction.py" line="8" time="0.002" /><testcase classname="tests.test_gradle_extraction" name="test_map_style_dependency" file="tests/test_gradle_extraction.py" line="17" time="0.001" /><testcase classname="tests.test_imports_and_relationships_real" name="test_import_extraction" file="tests/test_imports_and_relationships_real.py" line="11" time="0.002" /><testcase classname="tests.test_imports_and_relationships_real" name="test_method_file_relationship_shape" file="tests/test_imports_and_relationships_real.py" line="38" time="0.002" /><testcase classname="tests.test_imports_edge_cases" name="test_static_and_wildcard_imports" file="tests/test_imports_edge_cases.py" line="11" time="0.002" /><testcase classname="tests.test_java_parsing_real" name="test_extract_simple_class_and_method" file="tests/test_java_parsing_real.py" line="11" time="0.002" /><testcase classname="tests.test_java_parsing_real" name="test_extract_interface_with_method" file="tests/test_java_parsing_real.py" line="41" time="0.003" /><testcase classname="tests.test_knn" name="test_run_knn_creates_projection_and_runs" file="tests/test_knn.py" line="19" time="0.004" /><testcase classname="tests.test_knn" name="test_run_knn_without_existing_projection" file="tests/test_knn.py" line="52" time="0.002" /><testcase classname="tests.test_louvain" name="test_run_louvain_creates_projection_and_runs" file="tests/test_louvain.py" line="19" time="0.002" /><testcase classname="tests.test_louvain" name="test_run_louvain_without_existing_projection" file="tests/test_louvain.py" line="39" time="0.002" /><testcase classname="tests.test_method_call_parsing" name="test_determine_call_target_variants" file="tests/test_method_call_parsing.py" line="7" time="0.000" /><testcase classname="tests.test_method_call_parsing" name="test_extract_method_calls_common_patterns" file="tests/test_method_call_parsing.py" line="20" time="0.001" /><testcase classname="tests.test_method_signature_and_calls" name="test_build_method_signature_formats" file="tests/test_method_signature_and_calls.py" line="11" time="0.000" /><testcase classname="tests.test_method_signature_and_calls" name="test_extract_method_calls_regex" file="tests/test_method_signature_and_calls.py" line="27" time="0.001" /><testcase classname="tests.test_pipeline_manager" name="test_has_nvd_api_key" file="tests/test_pipeline_manager.py" line="12" time="0.001" /><testcase classname="tests.test_pipeline_manager_comprehensive.TestPipelineStep" name="test_pipeline_step_creation" file="tests/test_pipeline_manager_comprehensive.py" line="16" time="0.000" /><testcase classname="tests.test_pipeline_manager_comprehensive.TestPipelineStep" name="test_pipeline_step_optional_fields" file="tests/test_pipeline_manager_comprehensive.py" line="33" time="0.001" /><testcase classname="tests.test_pipeline_manager_comprehensive.TestPipelineStep" name="test_pipeline_step_status_transitions" file="tests/test_pipeline_manager_comprehensive.py" line="47" time="0.000" /><testcase classname="tests.test_pipeline_manager_comprehensive.TestPipelineStep" name="test_pipeline_step_execution_time_tracking" file="tests/test_pipeline_manager_comprehensive.py" line="61" time="0.001" /><testcase classname="tests.test_pipeline_manager_comprehensive.TestStepStatus" name="test_step_status_values" file="tests/test_pipeline_manager_comprehensive.py" line="75" time="0.001" /><testcase classname="tests.test_pipeline_manager_comprehensive.TestStepStatus" name="test_step_status_string_representation" file="tests/test_pipeline_manager_comprehensive.py" line="84" time="0.001" /><testcase classname="tests.test_pipeline_manager_comprehensive.TestStepStatus" name="test_step_status_comparison" file="tests/test_pipeline_manager_comprehensive.py" line="92" time="0.001" /><testcase classname="tests.test_pipeline_manager_comprehensive.TestPipelineManagerInitialization" name="test_pipeline_manager_basic_creation" file="tests/test_pipeline_manager_comprehensive.py" line="105" time="0.001" /><testcase classname="tests.test_pipeline_manager_comprehensive.TestPipelineManagerInitialization" name="test_pipeline_manager_with_config" file="tests/test_pipeline_manager_comprehensive.py" line="117" time="0.001" /><testcase classname="tests.test_pipeline_manager_comprehensive.TestPipelineManagerInitialization" name="test_pipeline_manager_default_config" file="tests/test_pipeline_manager_comprehensive.py" line="129" time="0.001" /><testcase classname="tests.test_pipeline_manager_comprehensive.TestPipelineManagerInitialization" name="test_pipeline_manager_step_setup" file="tests/test_pipeline_manager_comprehensive.py" line="136" time="0.001" /><testcase classname="tests.test_pipeline_manager_comprehensive.TestPipelineManagerInitialization" name="test_pipeline_manager_step_names" file="tests/test_pipeline_manager_comprehensive.py" line="151" time="0.001" /><testcase classname="tests.test_pipeline_manager_comprehensive.TestPipelineManagerInitialization" name="test_pipeline_manager_step_properties" file="tests/test_pipeline_manager_comprehensive.py" line="162" time="0.001" /><testcase classname="tests.test_pipeline_manager_comprehensive.TestPipelineManagerStepManagement" name="test_get_step_by_name" file="tests/test_pipeline_manager_comprehensive.py" line="176" time="0.001" /><testcase classname="tests.test_pipeline_manager_comprehensive.TestPipelineManagerStepManagement" name="test_get_pending_steps" file="tests/test_pipeline_manager_comprehensive.py" line="187" time="0.001" /><testcase classname="tests.test_pipeline_manager_comprehensive.TestPipelineManagerStepManagement" name="test_get_completed_steps" file="tests/test_pipeline_manager_comprehensive.py" line="196" time="0.001" /><testcase classname="tests.test_pipeline_manager_comprehensive.TestPipelineManagerStepManagement" name="test_get_failed_steps" file="tests/test_pipeline_manager_comprehensive.py" line="208" time="0.001" /><testcase classname="tests.test_pipeline_manager_comprehensive.TestPipelineManagerStepManagement" name="test_step_filtering_by_required" file="tests/test_pipeline_manager_comprehensive.py" line="220" time="0.001" /><testcase classname="tests.test_pipeline_manager_comprehensive.TestPipelineManagerConfiguration" name="test_config_merge_with_defaults" file="tests/test_pipeline_manager_comprehensive.py" line="235" time="0.001" /><testcase classname="tests.test_pipeline_manager_comprehensive.TestPipelineManagerConfiguration" name="test_config_override_defaults" file="tests/test_pipeline_manager_comprehensive.py" line="244" time="0.001" /><testcase classname="tests.test_pipeline_manager_comprehensive.TestPipelineManagerConfiguration" name="test_config_validation_patterns" file="tests/test_pipeline_manager_comprehensive.py" line="251" time="0.001" /><testcase classname="tests.test_pipeline_manager_comprehensive.TestPipelineManagerConfiguration" name="test_repo_url_validation" file="tests/test_pipeline_manager_comprehensive.py" line="265" time="0.001" /><testcase classname="tests.test_pipeline_manager_comprehensive.TestPipelineManagerStepExecution" name="test_step_execution_timing" file="tests/test_pipeline_manager_comprehensive.py" line="284" time="0.001" /><testcase classname="tests.test_pipeline_manager_comprehensive.TestPipelineManagerStepExecution" name="test_step_timeout_handling" file="tests/test_pipeline_manager_comprehensive.py" line="305" time="0.001" /><testcase classname="tests.test_pipeline_manager_comprehensive.TestPipelineManagerStepExecution" name="test_step_command_construction" file="tests/test_pipeline_manager_comprehensive.py" line="317" time="0.001" /><testcase classname="tests.test_pipeline_manager_comprehensive.TestPipelineManagerStepExecution" name="test_step_argument_validation" file="tests/test_pipeline_manager_comprehensive.py" line="329" time="0.001" /><testcase classname="tests.test_pipeline_manager_comprehensive.TestPipelineManagerProgressTracking" name="test_pipeline_progress_calculation" file="tests/test_pipeline_manager_comprehensive.py" line="343" time="0.001" /><testcase classname="tests.test_pipeline_manager_comprehensive.TestPipelineManagerProgressTracking" name="test_pipeline_execution_timing" file="tests/test_pipeline_manager_comprehensive.py" line="363" time="0.001" /><testcase classname="tests.test_pipeline_manager_comprehensive.TestPipelineManagerProgressTracking" name="test_pipeline_status_summary" file="tests/test_pipeline_manager_comprehensive.py" line="381" time="0.001" /><testcase classname="tests.test_pipeline_manager_comprehensive.TestPipelineManagerErrorHandling" name="test_invalid_repo_url_handling" file="tests/test_pipeline_manager_comprehensive.py" line="405" time="0.001" /><testcase classname="tests.test_pipeline_manager_comprehensive.TestPipelineManagerErrorHandling" name="test_invalid_config_handling" file="tests/test_pipeline_manager_comprehensive.py" line="410" time="0.001" /><testcase classname="tests.test_pipeline_manager_comprehensive.TestPipelineManagerErrorHandling" name="test_step_failure_isolation" file="tests/test_pipeline_manager_comprehensive.py" line="415" time="0.001" /><testcase classname="tests.test_pipeline_manager_comprehensive.TestPipelineManagerErrorHandling" name="test_missing_dependency_handling" file="tests/test_pipeline_manager_comprehensive.py" line="426" time="0.000" /><testcase classname="tests.test_pipeline_manager_comprehensive.TestPipelineManagerIntegration" name="test_realistic_pipeline_configuration" file="tests/test_pipeline_manager_comprehensive.py" line="444" time="0.001" /><testcase classname="tests.test_pipeline_manager_comprehensive.TestPipelineManagerIntegration" name="test_pipeline_with_all_step_types" file="tests/test_pipeline_manager_comprehensive.py" line="462" time="0.001" /><testcase classname="tests.test_pipeline_manager_comprehensive.TestPipelineManagerIntegration" name="test_step_execution_order_logic" file="tests/test_pipeline_manager_comprehensive.py" line="473" time="0.001" /><testcase classname="tests.test_pipeline_references" name="test_scripts_do_not_reference_deleted_files[run_pipeline.sh]" file="tests/test_pipeline_references.py" line="10" time="0.001" /><testcase classname="tests.test_pipeline_references" name="test_temporal_analysis_module_exists" file="tests/test_pipeline_references.py" line="32" time="0.000" /><testcase classname="tests.test_pytorch_api_compatibility.TestPyTorchAPICompatibility" name="test_compute_embeddings_bulk_no_invalid_pytorch_calls" file="tests/test_pytorch_api_compatibility.py" line="41" time="0.001"><skipped type="pytest.skip" message="PyTorch not available">/Users/alexwoolford/neo4j-code-graph/tests/test_pytorch_api_compatibility.py:42: PyTorch not available</skipped></testcase><testcase classname="tests.test_pytorch_api_compatibility.TestPyTorchAPICompatibility" name="test_device_tensor_to_numpy_compatibility" file="tests/test_pytorch_api_compatibility.py" line="163" time="0.001"><skipped type="pytest.skip" message="PyTorch basic APIs not available in this environment">/Users/alexwoolford/neo4j-code-graph/tests/test_pytorch_api_compatibility.py:164: PyTorch basic APIs not available in this environment</skipped></testcase><testcase classname="tests.test_pytorch_api_compatibility.TestPyTorchAPICompatibility" name="test_flash_attention_detection" file="tests/test_pytorch_api_compatibility.py" line="125" time="0.001"><skipped type="pytest.skip" message="PyTorch not available">/Users/alexwoolford/neo4j-code-graph/tests/test_pytorch_api_compatibility.py:126: PyTorch not available</skipped></testcase><testcase classname="tests.test_pytorch_api_compatibility.TestPyTorchAPICompatibility" name="test_scaled_dot_product_attention_api" file="tests/test_pytorch_api_compatibility.py" line="19" time="0.001"><skipped type="pytest.skip" message="PyTorch not available">/Users/alexwoolford/neo4j-code-graph/tests/test_pytorch_api_compatibility.py:20: PyTorch not available</skipped></testcase><testcase classname="tests.test_pytorch_api_compatibility.TestPyTorchAPICompatibility" name="test_torch_backends_cuda_usage" file="tests/test_pytorch_api_compatibility.py" line="98" time="0.001" /><testcase classname="tests.test_schema_management" name="test_schema_management_imports" file="tests/test_schema_management.py" line="15" time="0.000" /><testcase classname="tests.test_schema_management" name="test_constraint_creation" file="tests/test_schema_management.py" line="26" time="0.001" /><testcase classname="tests.test_schema_management" name="test_constraint_syntax" file="tests/test_schema_management.py" line="52" time="0.001" /><testcase classname="tests.test_schema_management" name="test_verify_schema_functions" file="tests/test_schema_management.py" line="73" time="0.001" /><testcase classname="tests.test_schema_management" name="test_natural_key_coverage" file="tests/test_schema_management.py" line="121" time="0.001" /><testcase classname="tests.test_utils" name="test_adds_default_port" file="tests/test_utils.py" line="8" time="0.000" /><testcase classname="tests.test_utils" name="test_keeps_existing_port" file="tests/test_utils.py" line="12" time="0.000" /><testcase classname="tests.test_utils" name="test_handles_auth" file="tests/test_utils.py" line="16" time="0.000" /><testcase classname="tests.test_utils" name="test_get_neo4j_config_reads_env" file="tests/test_utils.py" line="20" time="0.001" /></testsuite></testsuites>
